// Jest Snapshot v1, https://goo.gl/fbAQLP

exports[`Should render Arrows component 1`] = `
<div
  className="indicators"
>
  <div
    className="indicator
            indicator--active"
    id={0}
    onClick={[Function]}
  >
    <span
      className="visually-hidden"
    >
      1
    </span>
  </div>
  <div
    className="indicator
            "
    id={1}
    onClick={[Function]}
  >
    <span
      className="visually-hidden"
    >
      2
    </span>
  </div>
  <div
    className="indicator
            "
    id={2}
    onClick={[Function]}
  >
    <span
      className="visually-hidden"
    >
      3
    </span>
  </div>
</div>
`;
