// Jest Snapshot v1, https://goo.gl/fbAQLP

exports[`Should render App component 1`] = `
<div
  className="slider-wrapper"
>
  <section
    className="slider-settings"
  >
    <label
      htmlFor="wrange"
    >
      <span
        className="label-title"
      >
        Width
      </span>
      <input
        id="wrange"
        max="1920"
        min="320"
        name="wrange"
        onChange={[Function]}
        type="range"
        value={1024}
      />
      <span>
        1024
      </span>
    </label>
    <label
      htmlFor="hrange"
    >
      <span
        className="label-title"
      >
        Height
      </span>
      <input
        id="hrange"
        max="1080"
        min="320"
        name="hrange"
        onChange={[Function]}
        type="range"
        value={768}
      />
      <span>
        768
      </span>
    </label>
    <label
      htmlFor="animation-time"
    >
      <span
        className="label-title"
      >
        Animation in ms
      </span>
      <input
        id="animation-time"
        max="3000"
        min="100"
        name="animation-time"
        onChange={[Function]}
        type="range"
        value={350}
      />
      <span>
        350
      </span>
    </label>
    <div
      className="slider-settings-autoplay"
    >
      <label
        className="label-connected label-autoplay"
        htmlFor="autoplay"
      >
        <span
          className="label-title"
        >
          Autoplay
        </span>
        <input
          defaultChecked={false}
          id="autoplay"
          name="autoplay"
          onChange={[Function]}
          type="checkbox"
        />
      </label>
      <label
        className="label-connected label-autoplay-delay"
        htmlFor="autoplay-delay"
      >
        <span
          className="label-title"
        >
          in ms
        </span>
        <input
          disabled={true}
          id="autoplay-delay"
          max="10000"
          min="1000"
          name="autoplay-delay"
          onChange={[Function]}
          style={
            Object {
              "backgroundColor": "#ccc",
            }
          }
          type="range"
          value={3000}
        />
        <span>
          3000
        </span>
      </label>
    </div>
    <div
      className="slider-settings-adaptive"
    >
      <label
        className="label-connected label-adaptive"
        htmlFor="adaptive"
      >
        <span
          className="label-title"
        >
          Adaptive
        </span>
        <input
          defaultChecked={false}
          id="adaptive"
          name="adaptive"
          onChange={[Function]}
          type="checkbox"
        />
      </label>
      <label
        className="label-connected label-slides-count"
        htmlFor="slides-count"
      >
        <span
          className="label-title"
        >
          slides
        </span>
        <input
          disabled={true}
          id="slides-count"
          max="3"
          min="1"
          name="slides-count"
          onChange={[Function]}
          style={
            Object {
              "backgroundColor": "#ccc",
            }
          }
          type="range"
          value={1}
        />
        <span>
          1
        </span>
      </label>
    </div>
    <label
      htmlFor="animated-swipe"
    >
      <span
        className="label-title"
      >
        Animated swipe
      </span>
      <input
        defaultChecked={false}
        id="animated-swipe"
        name="animated-swipe"
        onChange={[Function]}
        type="checkbox"
      />
    </label>
    <label
      htmlFor="indicators"
    >
      <span
        className="label-title"
      >
        Indicators
      </span>
      <input
        defaultChecked={false}
        id="indicators"
        name="indicators"
        onChange={[Function]}
        type="checkbox"
      />
    </label>
    <label
      htmlFor="arrows"
    >
      <span
        className="label-title"
      >
        Arrows
      </span>
      <input
        defaultChecked={false}
        id="arrows"
        name="arrows"
        onChange={[Function]}
        type="checkbox"
      />
    </label>
    <label
      htmlFor="caption"
    >
      <span
        className="label-title"
      >
        Caption
      </span>
      <input
        defaultChecked={false}
        id="caption"
        name="caption"
        onChange={[Function]}
        type="checkbox"
      />
    </label>
    <label
      htmlFor="infinite"
    >
      <span
        className="label-title"
      >
        Infinte
      </span>
      <input
        defaultChecked={false}
        id="infinite"
        name="infinite"
        onChange={[Function]}
        type="checkbox"
      />
    </label>
  </section>
  <section
    className="slider"
    onClickCapture={[Function]}
    onMouseOut={[Function]}
    onMouseOver={[Function]}
    style={
      Object {
        "maxWidth": 1024,
        "width": "100%",
      }
    }
  >
    <div
      className="slides"
      onAnimationEnd={[Function]}
      onMouseDown={[Function]}
      onMouseMove={[Function]}
      onMouseUp={[Function]}
      onTouchEnd={[Function]}
      onTouchMove={[Function]}
      onTouchStart={[Function]}
      style={
        Object {
          "animationDuration": "350ms",
          "animationName": "",
          "animationTimingFunction": "ease",
          "left": "-100%",
        }
      }
    >
      <div
        className="slide slide--no-caption"
        id={0}
        style={
          Object {
            "height": 768,
            "minWidth": "100%",
            "visibility": "hidden",
          }
        }
      >
        <img
          alt="Elbrus"
          className="background"
          src="img/elbrus.jpg"
        />
        <div
          className="content--bg"
        >
          <h2>
            Beautiful Elbrus
          </h2>
        </div>
      </div>
      <div
        className="slide slide--no-caption"
        id={1}
        style={
          Object {
            "backgroundImage": "url()",
            "height": 768,
            "minWidth": "100%",
          }
        }
      >
        <h2>
          FIRST SLIDE
        </h2>
        <p>
          This is the most simple use.
        </p>
      </div>
      <div
        className="slide slide--no-caption"
        id={2}
        style={
          Object {
            "backgroundImage": "url(img/blackhole.jpg)",
            "height": 768,
            "minWidth": "100%",
          }
        }
      >
        <img
          alt="Black Hole"
          className="background"
          src="img/blackhole.jpg"
        />
        <div
          className="caption"
        >
          <a
            className="caption-btn"
            href="https://www.livescience.com/whats-inside-black-hole.html"
          >
            What's Inside a Black Hole?
          </a>
        </div>
      </div>
      <div
        className="slide slide--no-caption"
        id={3}
        style={
          Object {
            "backgroundImage": "url()",
            "height": 768,
            "minWidth": "100%",
          }
        }
      >
        <div
          className="content--no-bg"
        >
          <h3>
            Hello, World!
          </h3>
          <img
            alt="World map"
            className="image"
            src="img/world-map.jpg"
          />
        </div>
      </div>
      <div
        className="slide slide--no-caption"
        id={4}
        style={
          Object {
            "backgroundImage": "url(img/iron-man-home.jpg)",
            "height": 768,
            "minWidth": "100%",
          }
        }
      >
        <img
          alt="Iron Man background image"
          className="background"
          src="img/iron-man-home.jpg"
        />
        <div
          className="content--bg"
        >
          <img
            alt="Iron Man"
            className="avatar"
            heigth="100"
            src="img/iron-man-ava.jpg"
            width="100"
          />
          <h4>
            IRON MAN
          </h4>
          “You can take away my house, all my tricks and toys. But one thing you can't take away... I am Iron Man.”
        </div>
        <div
          className="caption"
        >
          I am the Iron Man
        </div>
      </div>
      <div
        className="slide slide--no-caption"
        id={5}
        style={
          Object {
            "backgroundImage": "url()",
            "height": 768,
            "minWidth": "100%",
          }
        }
      >
        <div
          className="caption"
        >
          COVID-19 is an infectious disease.
        </div>
        <div
          className="content--no-bg"
        >
          <p>
            Most people who fall sick with COVID-19 will experience mild to moderate symptoms and recover without special treatment.
          </p>
          <a
            className="content-btn content-btn--alert"
            href="https://covid19.who.int/"
          >
            COVID-19 Dashboard
          </a>
        </div>
      </div>
      <div
        className="slide slide--no-caption"
        id={6}
        style={
          Object {
            "backgroundImage": "url(img/elbrus.jpg)",
            "height": 768,
            "minWidth": "100%",
          }
        }
      >
        <img
          alt="Elbrus"
          className="background"
          src="img/elbrus.jpg"
        />
        <div
          className="content--bg"
        >
          <h2>
            Beautiful Elbrus
          </h2>
        </div>
      </div>
      <div
        className="slide slide--no-caption"
        id={7}
        style={
          Object {
            "height": 768,
            "minWidth": "100%",
            "visibility": "hidden",
          }
        }
      >
        <h2>
          FIRST SLIDE
        </h2>
        <p>
          This is the most simple use.
        </p>
      </div>
    </div>
    
    
  </section>
</div>
`;
