// Jest Snapshot v1, https://goo.gl/fbAQLP

exports[`Should render App component 1`] = `
<main>
  <section
    className="slider-settings"
  >
    <label
      htmlFor="wrange"
    >
      Width:
      <input
        id="wrange"
        max="1920"
        min="320"
        onChange={[Function]}
        type="range"
        value={1024}
      />
      <span>
        1024
      </span>
    </label>
    <label
      htmlFor="hrange"
    >
      Height:
      <input
        id="hrange"
        max="1080"
        min="320"
        onChange={[Function]}
        type="range"
        value={600}
      />
      <span>
        600
      </span>
    </label>
    <label
      htmlFor="autoplay"
    >
      Autoplay:
      <input
        defaultChecked={false}
        id="autoplay"
        name="autoplay"
        onChange={[Function]}
        type="checkbox"
      />
    </label>
    <label
      htmlFor="autoplay-delay"
    >
      Autoplay delay:
      <input
        id="autoplay-delay"
        name="autoplayDelay"
        onChange={[Function]}
        readOnly={true}
        style={
          Object {
            "backgroundColor": "#ccc",
          }
        }
        type="number"
        value={3000}
      />
    </label>
    <label
      htmlFor="indicators"
    >
      Indicators:
      <input
        defaultChecked={false}
        id="indicators"
        name="indicators"
        onChange={[Function]}
        type="checkbox"
      />
    </label>
    <label
      htmlFor="arrows"
    >
      Arrows:
      <input
        defaultChecked={false}
        id="arrows"
        name="arrows"
        onChange={[Function]}
        type="checkbox"
      />
    </label>
    <label
      htmlFor="caption"
    >
      Caption:
      <input
        defaultChecked={false}
        id="caption"
        name="caption"
        onChange={[Function]}
        type="checkbox"
      />
    </label>
    <label
      htmlFor="animated"
    >
      Animated swipe:
      <input
        defaultChecked={false}
        id="animated"
        name="animated"
        onChange={[Function]}
        type="checkbox"
      />
    </label>
    <label
      htmlFor="infinite"
    >
      Infinte:
      <input
        defaultChecked={false}
        id="infinite"
        name="infinite"
        onChange={[Function]}
        type="checkbox"
      />
    </label>
    <label
      htmlFor="adaptive"
    >
      Adaptive:
      <input
        defaultChecked={false}
        id="adaptive"
        name="adaptive"
        onChange={[Function]}
        type="checkbox"
      />
    </label>
    <label
      htmlFor="slides-count"
    >
      Max slides (3):
      <input
        id="slides-count"
        max="3"
        min="1"
        name="slides-count"
        onChange={[Function]}
        readOnly={true}
        style={
          Object {
            "backgroundColor": "#ccc",
          }
        }
        type="number"
        value={1}
      />
    </label>
  </section>
  <section
    className="slider"
    onClickCapture={[Function]}
    onMouseOut={[Function]}
    onMouseOver={[Function]}
    style={
      Object {
        "maxWidth": 1024,
      }
    }
  >
    <div
      className="slides"
      onAnimationEnd={[Function]}
      onMouseDown={[Function]}
      onMouseMove={[Function]}
      onMouseUp={[Function]}
      onTouchEnd={[Function]}
      onTouchMove={[Function]}
      onTouchStart={[Function]}
      style={
        Object {
          "animationDuration": "0.75s",
          "animationName": "",
          "animationTimingFunction": "ease",
          "left": "-100%",
        }
      }
    >
      <div
        className="slide slide--no-caption"
        id={0}
        style={
          Object {
            "height": 600,
            "minWidth": "100%",
            "visibility": "hidden",
          }
        }
      >
        <img
          alt="Elbrus"
          className="background"
          src="img/elbrus.jpg"
        />
        <div
          className="content--bg"
        >
          <h2>
            Beautiful Elbrus
          </h2>
        </div>
      </div>
      <div
        className="slide slide--no-caption"
        id={1}
        style={
          Object {
            "backgroundImage": "url()",
            "height": 600,
            "minWidth": "100%",
          }
        }
      >
        <h2>
          FIRST SLIDE
        </h2>
        <p>
          This is the most simple use.
        </p>
      </div>
      <div
        className="slide slide--no-caption"
        id={2}
        style={
          Object {
            "backgroundImage": "url(img/blackhole.jpg)",
            "height": 600,
            "minWidth": "100%",
          }
        }
      >
        <img
          alt="Black Hole"
          className="background"
          src="img/blackhole.jpg"
        />
        <div
          className="caption"
        >
          <a
            className="caption-btn"
            href="https://www.livescience.com/whats-inside-black-hole.html"
          >
            What's Inside a Black Hole?
          </a>
        </div>
      </div>
      <div
        className="slide slide--no-caption"
        id={3}
        style={
          Object {
            "backgroundImage": "url()",
            "height": 600,
            "minWidth": "100%",
          }
        }
      >
        <div
          className="content--no-bg"
        >
          <h3>
            Hello, World!
          </h3>
          <img
            alt="World map"
            className="image"
            src="img/world-map.jpg"
          />
        </div>
      </div>
      <div
        className="slide slide--no-caption"
        id={4}
        style={
          Object {
            "backgroundImage": "url(img/iron-man-home.jpg)",
            "height": 600,
            "minWidth": "100%",
          }
        }
      >
        <img
          alt="Iron Man background image"
          className="background"
          src="img/iron-man-home.jpg"
        />
        <div
          className="content--bg"
        >
          <img
            alt="Iron Man"
            className="avatar"
            heigth="100"
            src="img/iron-man-ava.jpg"
            width="100"
          />
          <h4>
            IRON MAN
          </h4>
          “You can take away my house, all my tricks and toys. But one thing you can't take away... I am Iron Man.”
        </div>
        <div
          className="caption"
        >
          I am the Iron Man
        </div>
      </div>
      <div
        className="slide slide--no-caption"
        id={5}
        style={
          Object {
            "backgroundImage": "url()",
            "height": 600,
            "minWidth": "100%",
          }
        }
      >
        <div
          className="caption"
        >
          COVID-19 is an infectious disease.
        </div>
        <div
          className="content--no-bg"
        >
          <p>
            Most people who fall sick with COVID-19 will experience mild to moderate symptoms and recover without special treatment.
          </p>
          <a
            className="content-btn content-btn--alert"
            href="https://covid19.who.int/"
          >
            COVID-19 Dashboard
          </a>
        </div>
      </div>
      <div
        className="slide slide--no-caption"
        id={6}
        style={
          Object {
            "backgroundImage": "url(img/elbrus.jpg)",
            "height": 600,
            "minWidth": "100%",
          }
        }
      >
        <img
          alt="Elbrus"
          className="background"
          src="img/elbrus.jpg"
        />
        <div
          className="content--bg"
        >
          <h2>
            Beautiful Elbrus
          </h2>
        </div>
      </div>
      <div
        className="slide slide--no-caption"
        id={7}
        style={
          Object {
            "height": 600,
            "minWidth": "100%",
            "visibility": "hidden",
          }
        }
      >
        <h2>
          FIRST SLIDE
        </h2>
        <p>
          This is the most simple use.
        </p>
      </div>
    </div>
    
    
  </section>
</main>
`;
