// Jest Snapshot v1, https://goo.gl/fbAQLP

exports[`Should render App component 1`] = `
<div
  className="slider-wrapper"
>
  <section
    className="slider-settings"
  >
    <div>
      <label
        htmlFor="wrange"
      >
        <span
          className="label-text"
        >
          Width
        </span>
        <input
          id="wrange"
          max="1920"
          min="320"
          name="wrange"
          onChange={[Function]}
          type="range"
          value={1024}
        />
        <span
          className="label-text-output"
        >
          1024
        </span>
      </label>
    </div>
    <div>
      <label
        htmlFor="hrange"
      >
        <span
          className="label-text"
        >
          Height
        </span>
        <input
          id="hrange"
          max="1080"
          min="320"
          name="hrange"
          onChange={[Function]}
          type="range"
          value={600}
        />
        <span
          className="label-text-output"
        >
          600
        </span>
      </label>
    </div>
    <div>
      <label
        htmlFor="animation-time"
      >
        <span
          className="label-text"
        >
          Animation/Speed
        </span>
        <input
          id="animation-time"
          max="3000"
          min="100"
          name="animation-time"
          onChange={[Function]}
          type="range"
          value={350}
        />
        <span
          className="label-text-output"
        >
          350
        </span>
      </label>
    </div>
    <div>
      <input
        className="visually-hidden"
        defaultChecked={false}
        id="autoplay"
        name="autoplay"
        onChange={[Function]}
        type="checkbox"
      />
      <label
        className="label-autoplay"
        htmlFor="autoplay"
      >
        <span
          className="label-text"
        >
          Autoplay/Interval
        </span>
        <input
          disabled={true}
          id="autoplay-delay"
          max="10000"
          min="1000"
          name="autoplay-delay"
          onChange={[Function]}
          type="range"
          value={3000}
        />
        <span
          className="label-text-output"
        >
          3000
        </span>
      </label>
    </div>
    <div>
      <input
        className="visually-hidden"
        defaultChecked={false}
        id="adaptive"
        name="adaptive"
        onChange={[Function]}
        type="checkbox"
      />
      <label
        className="label-adaptive"
        htmlFor="adaptive"
      >
        <span
          className="label-text"
        >
          Adaptive/Slides
        </span>
        <input
          disabled={true}
          id="slides-count"
          max={3}
          min="1"
          name="slides-count"
          onChange={[Function]}
          type="range"
          value={1}
        />
        <span
          className="label-text-output"
        >
          1
        </span>
      </label>
    </div>
    <div>
      <input
        className="visually-hidden"
        defaultChecked={false}
        id="infinite"
        name="infinite"
        onChange={[Function]}
        type="checkbox"
      />
      <label
        htmlFor="infinite"
      >
        <span
          className="label-text"
        >
          Infinte
        </span>
      </label>
    </div>
    <div>
      <input
        className="visually-hidden"
        defaultChecked="checked"
        id="animated-swipe"
        name="animated-swipe"
        onChange={[Function]}
        type="checkbox"
      />
      <label
        htmlFor="animated-swipe"
      >
        <span
          className="label-text"
        >
          Animated swipe
        </span>
      </label>
    </div>
    <div>
      <input
        className="visually-hidden"
        defaultChecked="checked"
        id="indicators"
        name="indicators"
        onChange={[Function]}
        type="checkbox"
      />
      <label
        htmlFor="indicators"
      >
        <span
          className="label-text"
        >
          Indicators
        </span>
      </label>
    </div>
    <div>
      <input
        className="visually-hidden"
        defaultChecked="checked"
        id="arrows"
        name="arrows"
        onChange={[Function]}
        type="checkbox"
      />
      <label
        htmlFor="arrows"
      >
        <span
          className="label-text"
        >
          Arrows
        </span>
      </label>
    </div>
    <div>
      <input
        className="visually-hidden"
        defaultChecked={false}
        id="caption"
        name="caption"
        onChange={[Function]}
        type="checkbox"
      />
      <label
        htmlFor="caption"
      >
        <span
          className="label-text"
        >
          Caption
        </span>
      </label>
    </div>
  </section>
  <section
    className="slider"
    onClickCapture={[Function]}
    onMouseOut={[Function]}
    onMouseOver={[Function]}
    style={
      Object {
        "height": 600,
        "maxWidth": 1024,
        "outline": "2px dashed skyblue",
        "width": "100%",
      }
    }
  >
    <div
      className="slides"
      onAnimationEnd={[Function]}
      onMouseDown={[Function]}
      onMouseMove={[Function]}
      onMouseUp={[Function]}
      onTouchEnd={[Function]}
      onTouchMove={[Function]}
      onTouchStart={[Function]}
      style={
        Object {
          "animationDuration": "350ms",
          "animationName": "",
          "animationTimingFunction": "ease",
          "left": "-100%",
        }
      }
    >
      <div
        className="slide  slide--no-caption"
        style={
          Object {
            "minWidth": "100%",
            "visibility": "hidden",
          }
        }
      >
        <div
          style={
            Object {
              "alignItems": "center",
              "backgroundColor": "lightyellow",
              "display": "flex",
              "height": "100%",
              "justifyContent": "center",
              "width": "100%",
            }
          }
        >
          <h2>
            LAST SLIDE
          </h2>
        </div>
      </div>
      <div
        className="slide slide-1 slide--no-caption"
        style={
          Object {
            "backgroundImage": "url()",
            "minWidth": "100%",
          }
        }
      >
        <p>
          This is the most simple use.
        </p>
      </div>
      <div
        className="slide slide-2 slide--no-caption"
        style={
          Object {
            "backgroundImage": "url(img/blackhole.jpg)",
            "minWidth": "100%",
          }
        }
      >
        <img
          alt="Black Hole"
          className="background"
          src="img/blackhole.jpg"
        />
        <div
          className="caption--forced"
        >
          <a
            className="caption-link"
            href="https://www.space.com/where-do-black-holes-lead.html"
          >
            Where Do Black Holes Lead?
          </a>
        </div>
      </div>
      <div
        className="slide slide-3 slide--no-caption"
        style={
          Object {
            "backgroundImage": "url()",
            "minWidth": "100%",
          }
        }
      >
        <div
          className="content--bg-light"
        >
          <h3>
            Hello, World!
          </h3>
          <img
            alt="World map"
            className="image"
            src="img/world-map.jpg"
          />
        </div>
      </div>
      <div
        className="slide slide-4 slide--no-caption"
        style={
          Object {
            "backgroundImage": "url(img/iron-man-home.jpg)",
            "minWidth": "100%",
          }
        }
      >
        <img
          alt="Iron Man background image"
          className="background"
          src="img/iron-man-home.jpg"
        />
        <div
          className="content--bg-dark"
        >
          <img
            alt="Iron Man"
            className="avatar"
            heigth="100"
            src="img/iron-man-ava.jpg"
            width="100"
          />
          <h4>
            IRON MAN
          </h4>
          “You can take away my house, all my tricks and toys. But one thing you can't take away... I am Iron Man.”
        </div>
        <div
          className="caption"
        >
          I am the Iron Man
        </div>
      </div>
      <div
        className="slide slide-5 slide--no-caption"
        style={
          Object {
            "backgroundImage": "url(img/covid19-dashboard.jpg)",
            "minWidth": "100%",
          }
        }
      >
        <img
          alt="COVID-19 dashboard"
          className="background"
          src="img/covid19-dashboard.jpg"
        />
        <div
          className="caption"
        >
          COVID-19 is an infectious disease.
        </div>
        <div
          className="content--bg-light"
        >
          <p>
            Most people who fall sick with COVID-19 will experience mild to moderate symptoms and recover without special treatment.
          </p>
          <a
            className="content-btn"
            href="https://covid19.who.int/"
          >
            COVID-19 Dashboard
          </a>
        </div>
      </div>
      <div
        className="slide slide-6 slide--no-caption"
        style={
          Object {
            "backgroundImage": "url(img/elbrus.jpg)",
            "minWidth": "100%",
          }
        }
      >
        <img
          alt="Elbrus"
          className="background"
          src="img/elbrus.jpg"
        />
        <div
          className="content--bg-dark"
        >
          <h2>
            Elbrus
          </h2>
        </div>
      </div>
      <div
        className="slide slide-7 slide--no-caption"
        style={
          Object {
            "backgroundImage": "url()",
            "minWidth": "100%",
          }
        }
      >
        <div
          style={
            Object {
              "alignItems": "center",
              "backgroundColor": "lightyellow",
              "display": "flex",
              "height": "100%",
              "justifyContent": "center",
              "width": "100%",
            }
          }
        >
          <h2>
            LAST SLIDE
          </h2>
        </div>
      </div>
      <div
        className="slide  slide--no-caption"
        style={
          Object {
            "minWidth": "100%",
            "visibility": "hidden",
          }
        }
      >
        <p>
          This is the most simple use.
        </p>
      </div>
    </div>
    <div
      className="arrows"
    >
      <button
        className="arrows-btn arrow-prev
          hidden
          "
        disabled={false}
        id="arrow-prev"
        onClick={[Function]}
      >
        <svg
          className="arrow-prev-icon"
          viewBox="0 0 20 20"
        >
          <path
            d="M8.388,10.049l4.76-4.873c0.303-0.31,0.297-0.804-0.012-1.105c-0.309-0.304-0.803-0.293-1.105,0.012L6.726,9.516c-0.303,0.31-0.296,0.805,0.012,1.105l5.433,5.307c0.152,0.148,0.35,0.223,0.547,0.223c0.203,0,0.406-0.08,0.559-0.236c0.303-0.309,0.295-0.803-0.012-1.104L8.388,10.049z"
            fill="#cccccc"
          />
        </svg>
      </button>
      <button
        className="arrows-btn arrow-next
          
          "
        disabled={false}
        id="arrow-next"
        onClick={[Function]}
      >
        <svg
          className="arrow-next-icon"
          viewBox="0 0 20 20"
        >
          <path
            d="M11.611,10.049l-4.76-4.873c-0.303-0.31-0.297-0.804,0.012-1.105c0.309-0.304,0.803-0.293,1.105,0.012l5.306,5.433c0.304,0.31,0.296,0.805-0.012,1.105L7.83,15.928c-0.152,0.148-0.35,0.223-0.547,0.223c-0.203,0-0.406-0.08-0.559-0.236c-0.303-0.309-0.295-0.803,0.012-1.104L11.611,10.049z"
            fill="#cccccc"
          />
        </svg>
      </button>
    </div>
    <div
      className="indicators"
    >
      <div
        className="indicator
            indicator--active"
        id={0}
        onClick={[Function]}
      >
        <span
          className="visually-hidden"
        >
          1
        </span>
      </div>
      <div
        className="indicator
            "
        id={1}
        onClick={[Function]}
      >
        <span
          className="visually-hidden"
        >
          2
        </span>
      </div>
      <div
        className="indicator
            "
        id={2}
        onClick={[Function]}
      >
        <span
          className="visually-hidden"
        >
          3
        </span>
      </div>
      <div
        className="indicator
            "
        id={3}
        onClick={[Function]}
      >
        <span
          className="visually-hidden"
        >
          4
        </span>
      </div>
      <div
        className="indicator
            "
        id={4}
        onClick={[Function]}
      >
        <span
          className="visually-hidden"
        >
          5
        </span>
      </div>
      <div
        className="indicator
            "
        id={5}
        onClick={[Function]}
      >
        <span
          className="visually-hidden"
        >
          6
        </span>
      </div>
      <div
        className="indicator
            "
        id={6}
        onClick={[Function]}
      >
        <span
          className="visually-hidden"
        >
          7
        </span>
      </div>
    </div>
  </section>
</div>
`;
