// Jest Snapshot v1, https://goo.gl/fbAQLP

exports[`Should render VisualizedSettings component 1`] = `
<section
  className="slider-settings"
>
  <label
    htmlFor="wrange"
  >
    <span
      className="label-title"
    >
      Width
    </span>
    <input
      id="wrange"
      max="1920"
      min="320"
      name="wrange"
      onChange={[Function]}
      type="range"
      value={1200}
    />
    <span>
      1200
    </span>
  </label>
  <label
    htmlFor="hrange"
  >
    <span
      className="label-title"
    >
      Height
    </span>
    <input
      id="hrange"
      max="1080"
      min="320"
      name="hrange"
      onChange={[Function]}
      type="range"
      value={600}
    />
    <span>
      600
    </span>
  </label>
  <label
    htmlFor="animation-time"
  >
    <span
      className="label-title"
    >
      Animation in ms
    </span>
    <input
      id="animation-time"
      max="3000"
      min="100"
      name="animation-time"
      onChange={[Function]}
      type="range"
      value={1000}
    />
    <span>
      1000
    </span>
  </label>
  <div
    className="slider-settings-autoplay"
  >
    <label
      className="label-connected label-autoplay"
      htmlFor="autoplay"
    >
      <span
        className="label-title"
      >
        Autoplay
      </span>
      <input
        defaultChecked={false}
        id="autoplay"
        name="autoplay"
        onChange={[Function]}
        type="checkbox"
      />
    </label>
    <label
      className="label-connected label-autoplay-delay"
      htmlFor="autoplay-delay"
    >
      <span
        className="label-title"
      >
        in ms
      </span>
      <input
        disabled={true}
        id="autoplay-delay"
        max="10000"
        min="1000"
        name="autoplay-delay"
        onChange={[Function]}
        style={
          Object {
            "backgroundColor": "#ccc",
          }
        }
        type="range"
        value={3000}
      />
      <span>
        3000
      </span>
    </label>
  </div>
  <div
    className="slider-settings-adaptive"
  >
    <label
      className="label-connected label-adaptive"
      htmlFor="adaptive"
    >
      <span
        className="label-title"
      >
        Adaptive
      </span>
      <input
        defaultChecked={false}
        id="adaptive"
        name="adaptive"
        onChange={[Function]}
        type="checkbox"
      />
    </label>
    <label
      className="label-connected label-slides-count"
      htmlFor="slides-count"
    >
      <span
        className="label-title"
      >
        slides
      </span>
      <input
        disabled={true}
        id="slides-count"
        max="3"
        min="1"
        name="slides-count"
        onChange={[Function]}
        style={
          Object {
            "backgroundColor": "#ccc",
          }
        }
        type="range"
        value={1}
      />
      <span>
        1
      </span>
    </label>
  </div>
  <label
    htmlFor="animated-swipe"
  >
    <span
      className="label-title"
    >
      Animated swipe
    </span>
    <input
      defaultChecked={false}
      id="animated-swipe"
      name="animated-swipe"
      onChange={[Function]}
      type="checkbox"
    />
  </label>
  <label
    htmlFor="indicators"
  >
    <span
      className="label-title"
    >
      Indicators
    </span>
    <input
      defaultChecked="checked"
      id="indicators"
      name="indicators"
      onChange={[Function]}
      type="checkbox"
    />
  </label>
  <label
    htmlFor="arrows"
  >
    <span
      className="label-title"
    >
      Arrows
    </span>
    <input
      defaultChecked="checked"
      id="arrows"
      name="arrows"
      onChange={[Function]}
      type="checkbox"
    />
  </label>
  <label
    htmlFor="caption"
  >
    <span
      className="label-title"
    >
      Caption
    </span>
    <input
      defaultChecked={false}
      id="caption"
      name="caption"
      onChange={[Function]}
      type="checkbox"
    />
  </label>
  <label
    htmlFor="infinite"
  >
    <span
      className="label-title"
    >
      Infinte
    </span>
    <input
      defaultChecked="checked"
      id="infinite"
      name="infinite"
      onChange={[Function]}
      type="checkbox"
    />
  </label>
</section>
`;
